<?xml version="1.0" encoding="UTF-8"?>
<TestRun id="de8b7e9d-1fc9-4632-b292-b16888221b2e" name="@dombinator 2017-11-07 19:27:17" xmlns="http://microsoft.com/schemas/VisualStudio/TeamTest/2010">
  <Times creation="2017-11-07T19:27:17.6482334+01:00" queuing="2017-11-07T19:27:17.6482435+01:00" start="2017-11-07T19:27:16.2163682+01:00" finish="2017-11-07T19:27:17.7612027+01:00" />
  <TestSettings name="default" id="fe847345-49a0-4870-8cf1-963608b77cc7">
    <Deployment runDeploymentRoot="_dombinator 2017-11-07 19_27_17" />
  </TestSettings>
  <Results>
    <UnitTestResult executionId="ca909cd9-85d9-4da5-bd02-b1911b7b2ccc" testId="5341bc28-1c7d-432e-a69d-adff3ee1cce1" testName="Autumn.Mvc.Data.Models.Paginations.PageTest.IsEmptyPage" computerName="dombinator" duration="00:00:00.0150000" startTime="2017-11-07T19:27:17.4831459+01:00" endTime="2017-11-07T19:27:17.4831488+01:00" testType="13cdc9d9-ddb5-4fa4-a97d-d965ccfc6d4b" outcome="Passed" testListId="8c84fa94-04c1-424b-9868-57a2d4851a1d" relativeResultsDirectory="ca909cd9-85d9-4da5-bd02-b1911b7b2ccc" />
    <UnitTestResult executionId="ff65615a-3f07-4e87-8856-3f566c2d63c5" testId="5771f412-cac5-4910-9793-073a94174a6f" testName="Autumn.Mvc.Data.Models.Paginations.PageTest.HasContentAndIsLastPage" computerName="dombinator" duration="00:00:00.0010000" startTime="2017-11-07T19:27:17.4920022+01:00" endTime="2017-11-07T19:27:17.4920040+01:00" testType="13cdc9d9-ddb5-4fa4-a97d-d965ccfc6d4b" outcome="Passed" testListId="8c84fa94-04c1-424b-9868-57a2d4851a1d" relativeResultsDirectory="ff65615a-3f07-4e87-8856-3f566c2d63c5" />
    <UnitTestResult executionId="29840cac-cc49-4ea3-8b45-a372a10ac103" testId="110e5e82-e963-4c59-ac11-7fe136070f88" testName="Autumn.Mvc.Data.Models.Paginations.PageTest.HasContentAndHasPreviousAndHasNext" computerName="dombinator" duration="00:00:00.0010000" startTime="2017-11-07T19:27:17.4922429+01:00" endTime="2017-11-07T19:27:17.4922440+01:00" testType="13cdc9d9-ddb5-4fa4-a97d-d965ccfc6d4b" outcome="Passed" testListId="8c84fa94-04c1-424b-9868-57a2d4851a1d" relativeResultsDirectory="29840cac-cc49-4ea3-8b45-a372a10ac103" />
    <UnitTestResult executionId="c9b29bbe-5b13-47ce-a36e-f03084c73d5e" testId="5c3f9b32-e59e-42b3-baa6-a6ca8efe442b" testName="Autumn.Mvc.Data.Models.Paginations.PageTest.HasContentAndIsFirstPage" computerName="dombinator" duration="00:00:00.0010000" startTime="2017-11-07T19:27:17.4922952+01:00" endTime="2017-11-07T19:27:17.4922959+01:00" testType="13cdc9d9-ddb5-4fa4-a97d-d965ccfc6d4b" outcome="Passed" testListId="8c84fa94-04c1-424b-9868-57a2d4851a1d" relativeResultsDirectory="c9b29bbe-5b13-47ce-a36e-f03084c73d5e" />
    <UnitTestResult executionId="429bc795-7d76-4f2f-a5cb-dbae10023169" testId="86b4707a-fbc9-4244-8ba7-4c395ddcf0a4" testName="Autumn.Mvc.Data.Models.Queries.LtComparisonOperatorTest.LtNotEnougthArgumentExceptionTest" computerName="dombinator" duration="00:00:00.1050000" startTime="2017-11-07T19:27:17.5659799+01:00" endTime="2017-11-07T19:27:17.5659826+01:00" testType="13cdc9d9-ddb5-4fa4-a97d-d965ccfc6d4b" outcome="Passed" testListId="8c84fa94-04c1-424b-9868-57a2d4851a1d" relativeResultsDirectory="429bc795-7d76-4f2f-a5cb-dbae10023169" />
    <UnitTestResult executionId="74fa48c0-2842-401c-a627-4c66aa58e58b" testId="ef7d6095-daa4-49fe-b881-f729f6b9c59c" testName="Autumn.Mvc.Data.Models.Queries.EqComparisonOperatorTest.EqNotEnougthArgumentTest" computerName="dombinator" duration="00:00:00.1050000" startTime="2017-11-07T19:27:17.5663236+01:00" endTime="2017-11-07T19:27:17.5663252+01:00" testType="13cdc9d9-ddb5-4fa4-a97d-d965ccfc6d4b" outcome="Passed" testListId="8c84fa94-04c1-424b-9868-57a2d4851a1d" relativeResultsDirectory="74fa48c0-2842-401c-a627-4c66aa58e58b" />
    <UnitTestResult executionId="fc0b8b2e-913f-4e10-89ad-ccbd855661ce" testId="41f67191-45d5-4caa-894e-c7aadd818dde" testName="Autumn.Mvc.Data.Models.Queries.LtComparisonOperatorTest.LtTooManyArgumentExceptionTest" computerName="dombinator" duration="00:00:00.0020000" startTime="2017-11-07T19:27:17.5676118+01:00" endTime="2017-11-07T19:27:17.5676138+01:00" testType="13cdc9d9-ddb5-4fa4-a97d-d965ccfc6d4b" outcome="Passed" testListId="8c84fa94-04c1-424b-9868-57a2d4851a1d" relativeResultsDirectory="fc0b8b2e-913f-4e10-89ad-ccbd855661ce" />
    <UnitTestResult executionId="b69fa0ac-aeaf-4227-876d-b3cf7c13d7c5" testId="bd1440a1-bb0e-468b-a6a3-7fed3e7417c6" testName="Autumn.Mvc.Data.Models.Queries.EqComparisonOperatorTest.EqNullableSingleTest" computerName="dombinator" duration="00:00:00.0030000" startTime="2017-11-07T19:27:17.5695965+01:00" endTime="2017-11-07T19:27:17.5695985+01:00" testType="13cdc9d9-ddb5-4fa4-a97d-d965ccfc6d4b" outcome="Passed" testListId="8c84fa94-04c1-424b-9868-57a2d4851a1d" relativeResultsDirectory="b69fa0ac-aeaf-4227-876d-b3cf7c13d7c5" />
    <UnitTestResult executionId="cd020fc6-2e84-4cdf-aa8f-ecd6e7cdea1e" testId="ed777d19-f52e-4990-91d8-48f3322393a7" testName="Autumn.Mvc.Data.Models.Queries.LtComparisonOperatorTest.LtInvalidComparatorSelectionExceptionTest" computerName="dombinator" duration="00:00:00.0020000" startTime="2017-11-07T19:27:17.6087955+01:00" endTime="2017-11-07T19:27:17.6087976+01:00" testType="13cdc9d9-ddb5-4fa4-a97d-d965ccfc6d4b" outcome="Passed" testListId="8c84fa94-04c1-424b-9868-57a2d4851a1d" relativeResultsDirectory="cd020fc6-2e84-4cdf-aa8f-ecd6e7cdea1e" />
    <UnitTestResult executionId="f7fd5c34-7378-48c3-8505-5fa5bbecacb0" testId="3eddc07a-60c2-4f5d-a54b-ae038552ef5b" testName="Autumn.Mvc.Data.Models.Queries.EqComparisonOperatorTest.EqNullableDatetimeTest" computerName="dombinator" duration="00:00:00.0030000" startTime="2017-11-07T19:27:17.6091807+01:00" endTime="2017-11-07T19:27:17.6091824+01:00" testType="13cdc9d9-ddb5-4fa4-a97d-d965ccfc6d4b" outcome="Passed" testListId="8c84fa94-04c1-424b-9868-57a2d4851a1d" relativeResultsDirectory="f7fd5c34-7378-48c3-8505-5fa5bbecacb0" />
    <UnitTestResult executionId="bbbcdc53-73c4-4b79-869a-c6dc96468db7" testId="e7277248-ab6e-4c6e-a4eb-f2f706d327de" testName="Autumn.Mvc.Data.Models.Queries.EqComparisonOperatorTest.EqInt16Test" computerName="dombinator" duration="00:00:00.0010000" startTime="2017-11-07T19:27:17.6092642+01:00" endTime="2017-11-07T19:27:17.6092655+01:00" testType="13cdc9d9-ddb5-4fa4-a97d-d965ccfc6d4b" outcome="Passed" testListId="8c84fa94-04c1-424b-9868-57a2d4851a1d" relativeResultsDirectory="bbbcdc53-73c4-4b79-869a-c6dc96468db7" />
    <UnitTestResult executionId="83a71d89-8752-4346-930b-aa49d8eb666e" testId="a8e3ca97-dd3f-4113-aabd-e237ecfbfe84" testName="Autumn.Mvc.Data.Models.Queries.EqComparisonOperatorTest.EqDatetimeTest" computerName="dombinator" duration="00:00:00.0010000" startTime="2017-11-07T19:27:17.6093492+01:00" endTime="2017-11-07T19:27:17.6093506+01:00" testType="13cdc9d9-ddb5-4fa4-a97d-d965ccfc6d4b" outcome="Passed" testListId="8c84fa94-04c1-424b-9868-57a2d4851a1d" relativeResultsDirectory="83a71d89-8752-4346-930b-aa49d8eb666e" />
    <UnitTestResult executionId="7ceecc75-3f03-4b9b-b90e-eace4648ea8a" testId="bc3f9f10-67c5-4591-8414-24be2ca02aa9" testName="Autumn.Mvc.Data.Models.Queries.EqComparisonOperatorTest.EqInt32Test" computerName="dombinator" duration="00:00:00.0010000" startTime="2017-11-07T19:27:17.6094283+01:00" endTime="2017-11-07T19:27:17.6094293+01:00" testType="13cdc9d9-ddb5-4fa4-a97d-d965ccfc6d4b" outcome="Passed" testListId="8c84fa94-04c1-424b-9868-57a2d4851a1d" relativeResultsDirectory="7ceecc75-3f03-4b9b-b90e-eace4648ea8a" />
    <UnitTestResult executionId="6f910a45-1145-42af-9d6d-0973245b4fa1" testId="7b6764d9-4266-4d42-866b-03f8e2b277e3" testName="Autumn.Mvc.Data.Models.Queries.EqComparisonOperatorTest.EqStringTest" computerName="dombinator" duration="00:00:00.0010000" startTime="2017-11-07T19:27:17.6095050+01:00" endTime="2017-11-07T19:27:17.6095062+01:00" testType="13cdc9d9-ddb5-4fa4-a97d-d965ccfc6d4b" outcome="Passed" testListId="8c84fa94-04c1-424b-9868-57a2d4851a1d" relativeResultsDirectory="6f910a45-1145-42af-9d6d-0973245b4fa1" />
    <UnitTestResult executionId="bd0da1d8-6255-40f1-8d48-c5b40d7a1364" testId="730168ab-2bf7-48b9-b4eb-ae66586ea0fa" testName="Autumn.Mvc.Data.Models.Queries.EqComparisonOperatorTest.EqNullableInt16Test" computerName="dombinator" duration="00:00:00.0010000" startTime="2017-11-07T19:27:17.6095827+01:00" endTime="2017-11-07T19:27:17.6095840+01:00" testType="13cdc9d9-ddb5-4fa4-a97d-d965ccfc6d4b" outcome="Passed" testListId="8c84fa94-04c1-424b-9868-57a2d4851a1d" relativeResultsDirectory="bd0da1d8-6255-40f1-8d48-c5b40d7a1364" />
    <UnitTestResult executionId="2c9a9aec-c813-4cb7-815b-6daf0491ad9d" testId="b50032a6-ad10-4b55-acf1-b62f34aaeeaf" testName="Autumn.Mvc.Data.Models.Queries.EqComparisonOperatorTest.EqNullableDecimalTest" computerName="dombinator" duration="00:00:00.0010000" startTime="2017-11-07T19:27:17.6096601+01:00" endTime="2017-11-07T19:27:17.6096613+01:00" testType="13cdc9d9-ddb5-4fa4-a97d-d965ccfc6d4b" outcome="Passed" testListId="8c84fa94-04c1-424b-9868-57a2d4851a1d" relativeResultsDirectory="2c9a9aec-c813-4cb7-815b-6daf0491ad9d" />
    <UnitTestResult executionId="4d64217e-1985-48c6-8cdb-a017f1ba55a8" testId="fcb73205-486c-43b3-a05c-c2c48e0ef6f7" testName="Autumn.Mvc.Data.Models.Queries.EqComparisonOperatorTest.EqNotEnougthArgumentExceptionTest" computerName="dombinator" duration="00:00:00.0030000" startTime="2017-11-07T19:27:17.6097341+01:00" endTime="2017-11-07T19:27:17.6097352+01:00" testType="13cdc9d9-ddb5-4fa4-a97d-d965ccfc6d4b" outcome="Passed" testListId="8c84fa94-04c1-424b-9868-57a2d4851a1d" relativeResultsDirectory="4d64217e-1985-48c6-8cdb-a017f1ba55a8" />
    <UnitTestResult executionId="1bb1171f-58ba-4031-bf5a-99310371152c" testId="a3162560-1806-42e4-b099-e998f8f389f3" testName="Autumn.Mvc.Data.Models.Queries.EqComparisonOperatorTest.EqNullableInt64Test" computerName="dombinator" duration="00:00:00.0010000" startTime="2017-11-07T19:27:17.6115252+01:00" endTime="2017-11-07T19:27:17.6115269+01:00" testType="13cdc9d9-ddb5-4fa4-a97d-d965ccfc6d4b" outcome="Passed" testListId="8c84fa94-04c1-424b-9868-57a2d4851a1d" relativeResultsDirectory="1bb1171f-58ba-4031-bf5a-99310371152c" />
    <UnitTestResult executionId="63e883b2-7641-4592-b056-40c99cd0feca" testId="88a48624-7913-4e7d-92f1-7e11a1ebf57f" testName="Autumn.Mvc.Data.Models.Queries.EqComparisonOperatorTest.EqDecimalTest" computerName="dombinator" duration="00:00:00.0010000" startTime="2017-11-07T19:27:17.6116060+01:00" endTime="2017-11-07T19:27:17.6116073+01:00" testType="13cdc9d9-ddb5-4fa4-a97d-d965ccfc6d4b" outcome="Passed" testListId="8c84fa94-04c1-424b-9868-57a2d4851a1d" relativeResultsDirectory="63e883b2-7641-4592-b056-40c99cd0feca" />
    <UnitTestResult executionId="ad01f728-5bf1-4692-9fa4-7bbd379a6995" testId="f7f093fe-b415-4717-9715-97bd36989a1f" testName="Autumn.Mvc.Data.Models.Queries.EqComparisonOperatorTest.EqNullableDoubleTest" computerName="dombinator" duration="00:00:00.0010000" startTime="2017-11-07T19:27:17.6116757+01:00" endTime="2017-11-07T19:27:17.6116769+01:00" testType="13cdc9d9-ddb5-4fa4-a97d-d965ccfc6d4b" outcome="Passed" testListId="8c84fa94-04c1-424b-9868-57a2d4851a1d" relativeResultsDirectory="ad01f728-5bf1-4692-9fa4-7bbd379a6995" />
    <UnitTestResult executionId="470dbdcb-6877-4c70-a5db-625a6fc1655b" testId="4071038f-0c73-4f4b-9d0a-10f9097a2afb" testName="Autumn.Mvc.Data.Models.Queries.EqComparisonOperatorTest.EqSingleTest" computerName="dombinator" duration="00:00:00.0010000" startTime="2017-11-07T19:27:17.6117485+01:00" endTime="2017-11-07T19:27:17.6117499+01:00" testType="13cdc9d9-ddb5-4fa4-a97d-d965ccfc6d4b" outcome="Passed" testListId="8c84fa94-04c1-424b-9868-57a2d4851a1d" relativeResultsDirectory="470dbdcb-6877-4c70-a5db-625a6fc1655b" />
    <UnitTestResult executionId="4c8eff26-b693-4792-8a73-95cbb0fdd62e" testId="0e95e0bd-83ba-4a1a-9cdf-3799271947e2" testName="Autumn.Mvc.Data.Models.Queries.EqComparisonOperatorTest.EqNullableInt32Test" computerName="dombinator" duration="00:00:00.0010000" startTime="2017-11-07T19:27:17.6118237+01:00" endTime="2017-11-07T19:27:17.6118249+01:00" testType="13cdc9d9-ddb5-4fa4-a97d-d965ccfc6d4b" outcome="Passed" testListId="8c84fa94-04c1-424b-9868-57a2d4851a1d" relativeResultsDirectory="4c8eff26-b693-4792-8a73-95cbb0fdd62e" />
    <UnitTestResult executionId="d139bc0d-16cc-4fcb-b3b4-4ebc94d502b4" testId="12cbc212-e1f9-4f7f-967e-3b96bfd0c575" testName="Autumn.Mvc.Data.Models.Queries.EqComparisonOperatorTest.EqInt64Test" computerName="dombinator" duration="00:00:00.0010000" startTime="2017-11-07T19:27:17.6118985+01:00" endTime="2017-11-07T19:27:17.6118997+01:00" testType="13cdc9d9-ddb5-4fa4-a97d-d965ccfc6d4b" outcome="Passed" testListId="8c84fa94-04c1-424b-9868-57a2d4851a1d" relativeResultsDirectory="d139bc0d-16cc-4fcb-b3b4-4ebc94d502b4" />
    <UnitTestResult executionId="433897da-b30d-4421-88b1-3736433bd1eb" testId="925ffde3-a156-438a-8c96-38da445da257" testName="Autumn.Mvc.Data.Models.Queries.EqComparisonOperatorTest.EqDoubleTest" computerName="dombinator" duration="00:00:00.0010000" startTime="2017-11-07T19:27:17.6119743+01:00" endTime="2017-11-07T19:27:17.6119755+01:00" testType="13cdc9d9-ddb5-4fa4-a97d-d965ccfc6d4b" outcome="Passed" testListId="8c84fa94-04c1-424b-9868-57a2d4851a1d" relativeResultsDirectory="433897da-b30d-4421-88b1-3736433bd1eb" />
  </Results>
  <TestDefinitions>
    <UnitTest name="Autumn.Mvc.Data.Models.Paginations.PageTest.IsEmptyPage" storage="/data/ggarnier/perso/autumn.data.rest/src/autumn.mvc.data.tests/bin/debug/netcoreapp2.0/autumn.mvc.data.tests.dll" id="5341bc28-1c7d-432e-a69d-adff3ee1cce1">
      <Execution id="ca909cd9-85d9-4da5-bd02-b1911b7b2ccc" />
      <TestMethod codeBase="/data/ggarnier/perso/autumn.data.rest/src/Autumn.Mvc.Data.Tests/bin/Debug/netcoreapp2.0/Autumn.Mvc.Data.Tests.dll" executorUriOfAdapter="executor://xunit/VsTestRunner2" className="Autumn.Mvc.Data.Models.Paginations.PageTest" name="Autumn.Mvc.Data.Models.Paginations.PageTest.IsEmptyPage" />
    </UnitTest>
    <UnitTest name="Autumn.Mvc.Data.Models.Paginations.PageTest.HasContentAndIsLastPage" storage="/data/ggarnier/perso/autumn.data.rest/src/autumn.mvc.data.tests/bin/debug/netcoreapp2.0/autumn.mvc.data.tests.dll" id="5771f412-cac5-4910-9793-073a94174a6f">
      <Execution id="ff65615a-3f07-4e87-8856-3f566c2d63c5" />
      <TestMethod codeBase="/data/ggarnier/perso/autumn.data.rest/src/Autumn.Mvc.Data.Tests/bin/Debug/netcoreapp2.0/Autumn.Mvc.Data.Tests.dll" executorUriOfAdapter="executor://xunit/VsTestRunner2" className="Autumn.Mvc.Data.Models.Paginations.PageTest" name="Autumn.Mvc.Data.Models.Paginations.PageTest.HasContentAndIsLastPage" />
    </UnitTest>
    <UnitTest name="Autumn.Mvc.Data.Models.Paginations.PageTest.HasContentAndHasPreviousAndHasNext" storage="/data/ggarnier/perso/autumn.data.rest/src/autumn.mvc.data.tests/bin/debug/netcoreapp2.0/autumn.mvc.data.tests.dll" id="110e5e82-e963-4c59-ac11-7fe136070f88">
      <Execution id="29840cac-cc49-4ea3-8b45-a372a10ac103" />
      <TestMethod codeBase="/data/ggarnier/perso/autumn.data.rest/src/Autumn.Mvc.Data.Tests/bin/Debug/netcoreapp2.0/Autumn.Mvc.Data.Tests.dll" executorUriOfAdapter="executor://xunit/VsTestRunner2" className="Autumn.Mvc.Data.Models.Paginations.PageTest" name="Autumn.Mvc.Data.Models.Paginations.PageTest.HasContentAndHasPreviousAndHasNext" />
    </UnitTest>
    <UnitTest name="Autumn.Mvc.Data.Models.Paginations.PageTest.HasContentAndIsFirstPage" storage="/data/ggarnier/perso/autumn.data.rest/src/autumn.mvc.data.tests/bin/debug/netcoreapp2.0/autumn.mvc.data.tests.dll" id="5c3f9b32-e59e-42b3-baa6-a6ca8efe442b">
      <Execution id="c9b29bbe-5b13-47ce-a36e-f03084c73d5e" />
      <TestMethod codeBase="/data/ggarnier/perso/autumn.data.rest/src/Autumn.Mvc.Data.Tests/bin/Debug/netcoreapp2.0/Autumn.Mvc.Data.Tests.dll" executorUriOfAdapter="executor://xunit/VsTestRunner2" className="Autumn.Mvc.Data.Models.Paginations.PageTest" name="Autumn.Mvc.Data.Models.Paginations.PageTest.HasContentAndIsFirstPage" />
    </UnitTest>
    <UnitTest name="Autumn.Mvc.Data.Models.Queries.LtComparisonOperatorTest.LtNotEnougthArgumentExceptionTest" storage="/data/ggarnier/perso/autumn.data.rest/src/autumn.mvc.data.tests/bin/debug/netcoreapp2.0/autumn.mvc.data.tests.dll" id="86b4707a-fbc9-4244-8ba7-4c395ddcf0a4">
      <Execution id="429bc795-7d76-4f2f-a5cb-dbae10023169" />
      <TestMethod codeBase="/data/ggarnier/perso/autumn.data.rest/src/Autumn.Mvc.Data.Tests/bin/Debug/netcoreapp2.0/Autumn.Mvc.Data.Tests.dll" executorUriOfAdapter="executor://xunit/VsTestRunner2" className="Autumn.Mvc.Data.Models.Queries.LtComparisonOperatorTest" name="Autumn.Mvc.Data.Models.Queries.LtComparisonOperatorTest.LtNotEnougthArgumentExceptionTest" />
    </UnitTest>
    <UnitTest name="Autumn.Mvc.Data.Models.Queries.EqComparisonOperatorTest.EqNotEnougthArgumentTest" storage="/data/ggarnier/perso/autumn.data.rest/src/autumn.mvc.data.tests/bin/debug/netcoreapp2.0/autumn.mvc.data.tests.dll" id="ef7d6095-daa4-49fe-b881-f729f6b9c59c">
      <Execution id="74fa48c0-2842-401c-a627-4c66aa58e58b" />
      <TestMethod codeBase="/data/ggarnier/perso/autumn.data.rest/src/Autumn.Mvc.Data.Tests/bin/Debug/netcoreapp2.0/Autumn.Mvc.Data.Tests.dll" executorUriOfAdapter="executor://xunit/VsTestRunner2" className="Autumn.Mvc.Data.Models.Queries.EqComparisonOperatorTest" name="Autumn.Mvc.Data.Models.Queries.EqComparisonOperatorTest.EqNotEnougthArgumentTest" />
    </UnitTest>
    <UnitTest name="Autumn.Mvc.Data.Models.Queries.LtComparisonOperatorTest.LtTooManyArgumentExceptionTest" storage="/data/ggarnier/perso/autumn.data.rest/src/autumn.mvc.data.tests/bin/debug/netcoreapp2.0/autumn.mvc.data.tests.dll" id="41f67191-45d5-4caa-894e-c7aadd818dde">
      <Execution id="fc0b8b2e-913f-4e10-89ad-ccbd855661ce" />
      <TestMethod codeBase="/data/ggarnier/perso/autumn.data.rest/src/Autumn.Mvc.Data.Tests/bin/Debug/netcoreapp2.0/Autumn.Mvc.Data.Tests.dll" executorUriOfAdapter="executor://xunit/VsTestRunner2" className="Autumn.Mvc.Data.Models.Queries.LtComparisonOperatorTest" name="Autumn.Mvc.Data.Models.Queries.LtComparisonOperatorTest.LtTooManyArgumentExceptionTest" />
    </UnitTest>
    <UnitTest name="Autumn.Mvc.Data.Models.Queries.EqComparisonOperatorTest.EqNullableSingleTest" storage="/data/ggarnier/perso/autumn.data.rest/src/autumn.mvc.data.tests/bin/debug/netcoreapp2.0/autumn.mvc.data.tests.dll" id="bd1440a1-bb0e-468b-a6a3-7fed3e7417c6">
      <Execution id="b69fa0ac-aeaf-4227-876d-b3cf7c13d7c5" />
      <TestMethod codeBase="/data/ggarnier/perso/autumn.data.rest/src/Autumn.Mvc.Data.Tests/bin/Debug/netcoreapp2.0/Autumn.Mvc.Data.Tests.dll" executorUriOfAdapter="executor://xunit/VsTestRunner2" className="Autumn.Mvc.Data.Models.Queries.EqComparisonOperatorTest" name="Autumn.Mvc.Data.Models.Queries.EqComparisonOperatorTest.EqNullableSingleTest" />
    </UnitTest>
    <UnitTest name="Autumn.Mvc.Data.Models.Queries.LtComparisonOperatorTest.LtInvalidComparatorSelectionExceptionTest" storage="/data/ggarnier/perso/autumn.data.rest/src/autumn.mvc.data.tests/bin/debug/netcoreapp2.0/autumn.mvc.data.tests.dll" id="ed777d19-f52e-4990-91d8-48f3322393a7">
      <Execution id="cd020fc6-2e84-4cdf-aa8f-ecd6e7cdea1e" />
      <TestMethod codeBase="/data/ggarnier/perso/autumn.data.rest/src/Autumn.Mvc.Data.Tests/bin/Debug/netcoreapp2.0/Autumn.Mvc.Data.Tests.dll" executorUriOfAdapter="executor://xunit/VsTestRunner2" className="Autumn.Mvc.Data.Models.Queries.LtComparisonOperatorTest" name="Autumn.Mvc.Data.Models.Queries.LtComparisonOperatorTest.LtInvalidComparatorSelectionExceptionTest" />
    </UnitTest>
    <UnitTest name="Autumn.Mvc.Data.Models.Queries.EqComparisonOperatorTest.EqNullableDatetimeTest" storage="/data/ggarnier/perso/autumn.data.rest/src/autumn.mvc.data.tests/bin/debug/netcoreapp2.0/autumn.mvc.data.tests.dll" id="3eddc07a-60c2-4f5d-a54b-ae038552ef5b">
      <Execution id="f7fd5c34-7378-48c3-8505-5fa5bbecacb0" />
      <TestMethod codeBase="/data/ggarnier/perso/autumn.data.rest/src/Autumn.Mvc.Data.Tests/bin/Debug/netcoreapp2.0/Autumn.Mvc.Data.Tests.dll" executorUriOfAdapter="executor://xunit/VsTestRunner2" className="Autumn.Mvc.Data.Models.Queries.EqComparisonOperatorTest" name="Autumn.Mvc.Data.Models.Queries.EqComparisonOperatorTest.EqNullableDatetimeTest" />
    </UnitTest>
    <UnitTest name="Autumn.Mvc.Data.Models.Queries.EqComparisonOperatorTest.EqInt16Test" storage="/data/ggarnier/perso/autumn.data.rest/src/autumn.mvc.data.tests/bin/debug/netcoreapp2.0/autumn.mvc.data.tests.dll" id="e7277248-ab6e-4c6e-a4eb-f2f706d327de">
      <Execution id="bbbcdc53-73c4-4b79-869a-c6dc96468db7" />
      <TestMethod codeBase="/data/ggarnier/perso/autumn.data.rest/src/Autumn.Mvc.Data.Tests/bin/Debug/netcoreapp2.0/Autumn.Mvc.Data.Tests.dll" executorUriOfAdapter="executor://xunit/VsTestRunner2" className="Autumn.Mvc.Data.Models.Queries.EqComparisonOperatorTest" name="Autumn.Mvc.Data.Models.Queries.EqComparisonOperatorTest.EqInt16Test" />
    </UnitTest>
    <UnitTest name="Autumn.Mvc.Data.Models.Queries.EqComparisonOperatorTest.EqDatetimeTest" storage="/data/ggarnier/perso/autumn.data.rest/src/autumn.mvc.data.tests/bin/debug/netcoreapp2.0/autumn.mvc.data.tests.dll" id="a8e3ca97-dd3f-4113-aabd-e237ecfbfe84">
      <Execution id="83a71d89-8752-4346-930b-aa49d8eb666e" />
      <TestMethod codeBase="/data/ggarnier/perso/autumn.data.rest/src/Autumn.Mvc.Data.Tests/bin/Debug/netcoreapp2.0/Autumn.Mvc.Data.Tests.dll" executorUriOfAdapter="executor://xunit/VsTestRunner2" className="Autumn.Mvc.Data.Models.Queries.EqComparisonOperatorTest" name="Autumn.Mvc.Data.Models.Queries.EqComparisonOperatorTest.EqDatetimeTest" />
    </UnitTest>
    <UnitTest name="Autumn.Mvc.Data.Models.Queries.EqComparisonOperatorTest.EqInt32Test" storage="/data/ggarnier/perso/autumn.data.rest/src/autumn.mvc.data.tests/bin/debug/netcoreapp2.0/autumn.mvc.data.tests.dll" id="bc3f9f10-67c5-4591-8414-24be2ca02aa9">
      <Execution id="7ceecc75-3f03-4b9b-b90e-eace4648ea8a" />
      <TestMethod codeBase="/data/ggarnier/perso/autumn.data.rest/src/Autumn.Mvc.Data.Tests/bin/Debug/netcoreapp2.0/Autumn.Mvc.Data.Tests.dll" executorUriOfAdapter="executor://xunit/VsTestRunner2" className="Autumn.Mvc.Data.Models.Queries.EqComparisonOperatorTest" name="Autumn.Mvc.Data.Models.Queries.EqComparisonOperatorTest.EqInt32Test" />
    </UnitTest>
    <UnitTest name="Autumn.Mvc.Data.Models.Queries.EqComparisonOperatorTest.EqStringTest" storage="/data/ggarnier/perso/autumn.data.rest/src/autumn.mvc.data.tests/bin/debug/netcoreapp2.0/autumn.mvc.data.tests.dll" id="7b6764d9-4266-4d42-866b-03f8e2b277e3">
      <Execution id="6f910a45-1145-42af-9d6d-0973245b4fa1" />
      <TestMethod codeBase="/data/ggarnier/perso/autumn.data.rest/src/Autumn.Mvc.Data.Tests/bin/Debug/netcoreapp2.0/Autumn.Mvc.Data.Tests.dll" executorUriOfAdapter="executor://xunit/VsTestRunner2" className="Autumn.Mvc.Data.Models.Queries.EqComparisonOperatorTest" name="Autumn.Mvc.Data.Models.Queries.EqComparisonOperatorTest.EqStringTest" />
    </UnitTest>
    <UnitTest name="Autumn.Mvc.Data.Models.Queries.EqComparisonOperatorTest.EqNullableInt16Test" storage="/data/ggarnier/perso/autumn.data.rest/src/autumn.mvc.data.tests/bin/debug/netcoreapp2.0/autumn.mvc.data.tests.dll" id="730168ab-2bf7-48b9-b4eb-ae66586ea0fa">
      <Execution id="bd0da1d8-6255-40f1-8d48-c5b40d7a1364" />
      <TestMethod codeBase="/data/ggarnier/perso/autumn.data.rest/src/Autumn.Mvc.Data.Tests/bin/Debug/netcoreapp2.0/Autumn.Mvc.Data.Tests.dll" executorUriOfAdapter="executor://xunit/VsTestRunner2" className="Autumn.Mvc.Data.Models.Queries.EqComparisonOperatorTest" name="Autumn.Mvc.Data.Models.Queries.EqComparisonOperatorTest.EqNullableInt16Test" />
    </UnitTest>
    <UnitTest name="Autumn.Mvc.Data.Models.Queries.EqComparisonOperatorTest.EqNullableDecimalTest" storage="/data/ggarnier/perso/autumn.data.rest/src/autumn.mvc.data.tests/bin/debug/netcoreapp2.0/autumn.mvc.data.tests.dll" id="b50032a6-ad10-4b55-acf1-b62f34aaeeaf">
      <Execution id="2c9a9aec-c813-4cb7-815b-6daf0491ad9d" />
      <TestMethod codeBase="/data/ggarnier/perso/autumn.data.rest/src/Autumn.Mvc.Data.Tests/bin/Debug/netcoreapp2.0/Autumn.Mvc.Data.Tests.dll" executorUriOfAdapter="executor://xunit/VsTestRunner2" className="Autumn.Mvc.Data.Models.Queries.EqComparisonOperatorTest" name="Autumn.Mvc.Data.Models.Queries.EqComparisonOperatorTest.EqNullableDecimalTest" />
    </UnitTest>
    <UnitTest name="Autumn.Mvc.Data.Models.Queries.EqComparisonOperatorTest.EqNotEnougthArgumentExceptionTest" storage="/data/ggarnier/perso/autumn.data.rest/src/autumn.mvc.data.tests/bin/debug/netcoreapp2.0/autumn.mvc.data.tests.dll" id="fcb73205-486c-43b3-a05c-c2c48e0ef6f7">
      <Execution id="4d64217e-1985-48c6-8cdb-a017f1ba55a8" />
      <TestMethod codeBase="/data/ggarnier/perso/autumn.data.rest/src/Autumn.Mvc.Data.Tests/bin/Debug/netcoreapp2.0/Autumn.Mvc.Data.Tests.dll" executorUriOfAdapter="executor://xunit/VsTestRunner2" className="Autumn.Mvc.Data.Models.Queries.EqComparisonOperatorTest" name="Autumn.Mvc.Data.Models.Queries.EqComparisonOperatorTest.EqNotEnougthArgumentExceptionTest" />
    </UnitTest>
    <UnitTest name="Autumn.Mvc.Data.Models.Queries.EqComparisonOperatorTest.EqNullableInt64Test" storage="/data/ggarnier/perso/autumn.data.rest/src/autumn.mvc.data.tests/bin/debug/netcoreapp2.0/autumn.mvc.data.tests.dll" id="a3162560-1806-42e4-b099-e998f8f389f3">
      <Execution id="1bb1171f-58ba-4031-bf5a-99310371152c" />
      <TestMethod codeBase="/data/ggarnier/perso/autumn.data.rest/src/Autumn.Mvc.Data.Tests/bin/Debug/netcoreapp2.0/Autumn.Mvc.Data.Tests.dll" executorUriOfAdapter="executor://xunit/VsTestRunner2" className="Autumn.Mvc.Data.Models.Queries.EqComparisonOperatorTest" name="Autumn.Mvc.Data.Models.Queries.EqComparisonOperatorTest.EqNullableInt64Test" />
    </UnitTest>
    <UnitTest name="Autumn.Mvc.Data.Models.Queries.EqComparisonOperatorTest.EqDecimalTest" storage="/data/ggarnier/perso/autumn.data.rest/src/autumn.mvc.data.tests/bin/debug/netcoreapp2.0/autumn.mvc.data.tests.dll" id="88a48624-7913-4e7d-92f1-7e11a1ebf57f">
      <Execution id="63e883b2-7641-4592-b056-40c99cd0feca" />
      <TestMethod codeBase="/data/ggarnier/perso/autumn.data.rest/src/Autumn.Mvc.Data.Tests/bin/Debug/netcoreapp2.0/Autumn.Mvc.Data.Tests.dll" executorUriOfAdapter="executor://xunit/VsTestRunner2" className="Autumn.Mvc.Data.Models.Queries.EqComparisonOperatorTest" name="Autumn.Mvc.Data.Models.Queries.EqComparisonOperatorTest.EqDecimalTest" />
    </UnitTest>
    <UnitTest name="Autumn.Mvc.Data.Models.Queries.EqComparisonOperatorTest.EqNullableDoubleTest" storage="/data/ggarnier/perso/autumn.data.rest/src/autumn.mvc.data.tests/bin/debug/netcoreapp2.0/autumn.mvc.data.tests.dll" id="f7f093fe-b415-4717-9715-97bd36989a1f">
      <Execution id="ad01f728-5bf1-4692-9fa4-7bbd379a6995" />
      <TestMethod codeBase="/data/ggarnier/perso/autumn.data.rest/src/Autumn.Mvc.Data.Tests/bin/Debug/netcoreapp2.0/Autumn.Mvc.Data.Tests.dll" executorUriOfAdapter="executor://xunit/VsTestRunner2" className="Autumn.Mvc.Data.Models.Queries.EqComparisonOperatorTest" name="Autumn.Mvc.Data.Models.Queries.EqComparisonOperatorTest.EqNullableDoubleTest" />
    </UnitTest>
    <UnitTest name="Autumn.Mvc.Data.Models.Queries.EqComparisonOperatorTest.EqSingleTest" storage="/data/ggarnier/perso/autumn.data.rest/src/autumn.mvc.data.tests/bin/debug/netcoreapp2.0/autumn.mvc.data.tests.dll" id="4071038f-0c73-4f4b-9d0a-10f9097a2afb">
      <Execution id="470dbdcb-6877-4c70-a5db-625a6fc1655b" />
      <TestMethod codeBase="/data/ggarnier/perso/autumn.data.rest/src/Autumn.Mvc.Data.Tests/bin/Debug/netcoreapp2.0/Autumn.Mvc.Data.Tests.dll" executorUriOfAdapter="executor://xunit/VsTestRunner2" className="Autumn.Mvc.Data.Models.Queries.EqComparisonOperatorTest" name="Autumn.Mvc.Data.Models.Queries.EqComparisonOperatorTest.EqSingleTest" />
    </UnitTest>
    <UnitTest name="Autumn.Mvc.Data.Models.Queries.EqComparisonOperatorTest.EqNullableInt32Test" storage="/data/ggarnier/perso/autumn.data.rest/src/autumn.mvc.data.tests/bin/debug/netcoreapp2.0/autumn.mvc.data.tests.dll" id="0e95e0bd-83ba-4a1a-9cdf-3799271947e2">
      <Execution id="4c8eff26-b693-4792-8a73-95cbb0fdd62e" />
      <TestMethod codeBase="/data/ggarnier/perso/autumn.data.rest/src/Autumn.Mvc.Data.Tests/bin/Debug/netcoreapp2.0/Autumn.Mvc.Data.Tests.dll" executorUriOfAdapter="executor://xunit/VsTestRunner2" className="Autumn.Mvc.Data.Models.Queries.EqComparisonOperatorTest" name="Autumn.Mvc.Data.Models.Queries.EqComparisonOperatorTest.EqNullableInt32Test" />
    </UnitTest>
    <UnitTest name="Autumn.Mvc.Data.Models.Queries.EqComparisonOperatorTest.EqInt64Test" storage="/data/ggarnier/perso/autumn.data.rest/src/autumn.mvc.data.tests/bin/debug/netcoreapp2.0/autumn.mvc.data.tests.dll" id="12cbc212-e1f9-4f7f-967e-3b96bfd0c575">
      <Execution id="d139bc0d-16cc-4fcb-b3b4-4ebc94d502b4" />
      <TestMethod codeBase="/data/ggarnier/perso/autumn.data.rest/src/Autumn.Mvc.Data.Tests/bin/Debug/netcoreapp2.0/Autumn.Mvc.Data.Tests.dll" executorUriOfAdapter="executor://xunit/VsTestRunner2" className="Autumn.Mvc.Data.Models.Queries.EqComparisonOperatorTest" name="Autumn.Mvc.Data.Models.Queries.EqComparisonOperatorTest.EqInt64Test" />
    </UnitTest>
    <UnitTest name="Autumn.Mvc.Data.Models.Queries.EqComparisonOperatorTest.EqDoubleTest" storage="/data/ggarnier/perso/autumn.data.rest/src/autumn.mvc.data.tests/bin/debug/netcoreapp2.0/autumn.mvc.data.tests.dll" id="925ffde3-a156-438a-8c96-38da445da257">
      <Execution id="433897da-b30d-4421-88b1-3736433bd1eb" />
      <TestMethod codeBase="/data/ggarnier/perso/autumn.data.rest/src/Autumn.Mvc.Data.Tests/bin/Debug/netcoreapp2.0/Autumn.Mvc.Data.Tests.dll" executorUriOfAdapter="executor://xunit/VsTestRunner2" className="Autumn.Mvc.Data.Models.Queries.EqComparisonOperatorTest" name="Autumn.Mvc.Data.Models.Queries.EqComparisonOperatorTest.EqDoubleTest" />
    </UnitTest>
  </TestDefinitions>
  <TestEntries>
    <TestEntry testId="5341bc28-1c7d-432e-a69d-adff3ee1cce1" executionId="ca909cd9-85d9-4da5-bd02-b1911b7b2ccc" testListId="8c84fa94-04c1-424b-9868-57a2d4851a1d" />
    <TestEntry testId="5771f412-cac5-4910-9793-073a94174a6f" executionId="ff65615a-3f07-4e87-8856-3f566c2d63c5" testListId="8c84fa94-04c1-424b-9868-57a2d4851a1d" />
    <TestEntry testId="110e5e82-e963-4c59-ac11-7fe136070f88" executionId="29840cac-cc49-4ea3-8b45-a372a10ac103" testListId="8c84fa94-04c1-424b-9868-57a2d4851a1d" />
    <TestEntry testId="5c3f9b32-e59e-42b3-baa6-a6ca8efe442b" executionId="c9b29bbe-5b13-47ce-a36e-f03084c73d5e" testListId="8c84fa94-04c1-424b-9868-57a2d4851a1d" />
    <TestEntry testId="86b4707a-fbc9-4244-8ba7-4c395ddcf0a4" executionId="429bc795-7d76-4f2f-a5cb-dbae10023169" testListId="8c84fa94-04c1-424b-9868-57a2d4851a1d" />
    <TestEntry testId="ef7d6095-daa4-49fe-b881-f729f6b9c59c" executionId="74fa48c0-2842-401c-a627-4c66aa58e58b" testListId="8c84fa94-04c1-424b-9868-57a2d4851a1d" />
    <TestEntry testId="41f67191-45d5-4caa-894e-c7aadd818dde" executionId="fc0b8b2e-913f-4e10-89ad-ccbd855661ce" testListId="8c84fa94-04c1-424b-9868-57a2d4851a1d" />
    <TestEntry testId="bd1440a1-bb0e-468b-a6a3-7fed3e7417c6" executionId="b69fa0ac-aeaf-4227-876d-b3cf7c13d7c5" testListId="8c84fa94-04c1-424b-9868-57a2d4851a1d" />
    <TestEntry testId="ed777d19-f52e-4990-91d8-48f3322393a7" executionId="cd020fc6-2e84-4cdf-aa8f-ecd6e7cdea1e" testListId="8c84fa94-04c1-424b-9868-57a2d4851a1d" />
    <TestEntry testId="3eddc07a-60c2-4f5d-a54b-ae038552ef5b" executionId="f7fd5c34-7378-48c3-8505-5fa5bbecacb0" testListId="8c84fa94-04c1-424b-9868-57a2d4851a1d" />
    <TestEntry testId="e7277248-ab6e-4c6e-a4eb-f2f706d327de" executionId="bbbcdc53-73c4-4b79-869a-c6dc96468db7" testListId="8c84fa94-04c1-424b-9868-57a2d4851a1d" />
    <TestEntry testId="a8e3ca97-dd3f-4113-aabd-e237ecfbfe84" executionId="83a71d89-8752-4346-930b-aa49d8eb666e" testListId="8c84fa94-04c1-424b-9868-57a2d4851a1d" />
    <TestEntry testId="bc3f9f10-67c5-4591-8414-24be2ca02aa9" executionId="7ceecc75-3f03-4b9b-b90e-eace4648ea8a" testListId="8c84fa94-04c1-424b-9868-57a2d4851a1d" />
    <TestEntry testId="7b6764d9-4266-4d42-866b-03f8e2b277e3" executionId="6f910a45-1145-42af-9d6d-0973245b4fa1" testListId="8c84fa94-04c1-424b-9868-57a2d4851a1d" />
    <TestEntry testId="730168ab-2bf7-48b9-b4eb-ae66586ea0fa" executionId="bd0da1d8-6255-40f1-8d48-c5b40d7a1364" testListId="8c84fa94-04c1-424b-9868-57a2d4851a1d" />
    <TestEntry testId="b50032a6-ad10-4b55-acf1-b62f34aaeeaf" executionId="2c9a9aec-c813-4cb7-815b-6daf0491ad9d" testListId="8c84fa94-04c1-424b-9868-57a2d4851a1d" />
    <TestEntry testId="fcb73205-486c-43b3-a05c-c2c48e0ef6f7" executionId="4d64217e-1985-48c6-8cdb-a017f1ba55a8" testListId="8c84fa94-04c1-424b-9868-57a2d4851a1d" />
    <TestEntry testId="a3162560-1806-42e4-b099-e998f8f389f3" executionId="1bb1171f-58ba-4031-bf5a-99310371152c" testListId="8c84fa94-04c1-424b-9868-57a2d4851a1d" />
    <TestEntry testId="88a48624-7913-4e7d-92f1-7e11a1ebf57f" executionId="63e883b2-7641-4592-b056-40c99cd0feca" testListId="8c84fa94-04c1-424b-9868-57a2d4851a1d" />
    <TestEntry testId="f7f093fe-b415-4717-9715-97bd36989a1f" executionId="ad01f728-5bf1-4692-9fa4-7bbd379a6995" testListId="8c84fa94-04c1-424b-9868-57a2d4851a1d" />
    <TestEntry testId="4071038f-0c73-4f4b-9d0a-10f9097a2afb" executionId="470dbdcb-6877-4c70-a5db-625a6fc1655b" testListId="8c84fa94-04c1-424b-9868-57a2d4851a1d" />
    <TestEntry testId="0e95e0bd-83ba-4a1a-9cdf-3799271947e2" executionId="4c8eff26-b693-4792-8a73-95cbb0fdd62e" testListId="8c84fa94-04c1-424b-9868-57a2d4851a1d" />
    <TestEntry testId="12cbc212-e1f9-4f7f-967e-3b96bfd0c575" executionId="d139bc0d-16cc-4fcb-b3b4-4ebc94d502b4" testListId="8c84fa94-04c1-424b-9868-57a2d4851a1d" />
    <TestEntry testId="925ffde3-a156-438a-8c96-38da445da257" executionId="433897da-b30d-4421-88b1-3736433bd1eb" testListId="8c84fa94-04c1-424b-9868-57a2d4851a1d" />
  </TestEntries>
  <TestLists>
    <TestList name="Les résultats ne figurent pas dans une liste" id="8c84fa94-04c1-424b-9868-57a2d4851a1d" />
    <TestList name="Tous les résultats chargés" id="19431567-8539-422a-85d7-44ee4e166bda" />
  </TestLists>
  <ResultSummary outcome="Completed">
    <Counters total="24" executed="24" passed="24" failed="0" error="0" timeout="0" aborted="0" inconclusive="0" passedButRunAborted="0" notRunnable="0" notExecuted="0" disconnected="0" warning="0" completed="0" inProgress="0" pending="0" />
    <Output>
      <StdOut>[xUnit.net 00:00:00.6077168]   Discovering: Autumn.Mvc.Data.Tests[xUnit.net 00:00:00.6885102]   Discovered:  Autumn.Mvc.Data.Tests[xUnit.net 00:00:00.7513674]   Starting:    Autumn.Mvc.Data.Tests[xUnit.net 00:00:01.0333179]   Finished:    Autumn.Mvc.Data.Tests</StdOut>
    </Output>
  </ResultSummary>
</TestRun>