<?xml version="1.0" encoding="UTF-8"?>
<TestRun id="1ea69ad8-3f15-45e6-ac21-2820e9f48429" name="@dombinator 2017-11-07 19:29:07" xmlns="http://microsoft.com/schemas/VisualStudio/TeamTest/2010">
  <Times creation="2017-11-07T19:29:07.4590629+01:00" queuing="2017-11-07T19:29:07.4590709+01:00" start="2017-11-07T19:29:06.0504055+01:00" finish="2017-11-07T19:29:07.6026383+01:00" />
  <TestSettings name="default" id="6ca9c712-c56e-41e7-bc98-76b88a9d64eb">
    <Deployment runDeploymentRoot="_dombinator 2017-11-07 19_29_07" />
  </TestSettings>
  <Results>
    <UnitTestResult executionId="f137d7a5-ab90-41ba-81d0-717e282a9684" testId="0c5119f0-7287-443f-a4ca-83a34aee3d8c" testName="Autumn.Mvc.Data.Models.Paginations.PageTest.IsEmptyPage" computerName="dombinator" duration="00:00:00.0150000" startTime="2017-11-07T19:29:07.3013575+01:00" endTime="2017-11-07T19:29:07.3013604+01:00" testType="13cdc9d9-ddb5-4fa4-a97d-d965ccfc6d4b" outcome="Passed" testListId="8c84fa94-04c1-424b-9868-57a2d4851a1d" relativeResultsDirectory="f137d7a5-ab90-41ba-81d0-717e282a9684" />
    <UnitTestResult executionId="ae49c60f-0341-45d0-af8b-5c2e961a2ba8" testId="88c1af61-4225-4e8f-acaf-73819df61877" testName="Autumn.Mvc.Data.Models.Paginations.PageTest.HasContentAndIsLastPage" computerName="dombinator" duration="00:00:00.0010000" startTime="2017-11-07T19:29:07.3097159+01:00" endTime="2017-11-07T19:29:07.3097178+01:00" testType="13cdc9d9-ddb5-4fa4-a97d-d965ccfc6d4b" outcome="Passed" testListId="8c84fa94-04c1-424b-9868-57a2d4851a1d" relativeResultsDirectory="ae49c60f-0341-45d0-af8b-5c2e961a2ba8" />
    <UnitTestResult executionId="f9647933-1d85-4b84-a252-86c22a8dc8d7" testId="a8110341-4444-469a-bac1-7069095e704d" testName="Autumn.Mvc.Data.Models.Paginations.PageTest.HasContentAndHasPreviousAndHasNext" computerName="dombinator" duration="00:00:00.0010000" startTime="2017-11-07T19:29:07.3099186+01:00" endTime="2017-11-07T19:29:07.3099196+01:00" testType="13cdc9d9-ddb5-4fa4-a97d-d965ccfc6d4b" outcome="Passed" testListId="8c84fa94-04c1-424b-9868-57a2d4851a1d" relativeResultsDirectory="f9647933-1d85-4b84-a252-86c22a8dc8d7" />
    <UnitTestResult executionId="61f8cefc-d0a8-466b-894b-35cb70595ba1" testId="86392975-8462-46b5-ae17-5d3043e77089" testName="Autumn.Mvc.Data.Models.Paginations.PageTest.HasContentAndIsFirstPage" computerName="dombinator" duration="00:00:00.0010000" startTime="2017-11-07T19:29:07.3099679+01:00" endTime="2017-11-07T19:29:07.3099685+01:00" testType="13cdc9d9-ddb5-4fa4-a97d-d965ccfc6d4b" outcome="Passed" testListId="8c84fa94-04c1-424b-9868-57a2d4851a1d" relativeResultsDirectory="61f8cefc-d0a8-466b-894b-35cb70595ba1" />
    <UnitTestResult executionId="76716b0b-80a2-4ac1-83aa-8cd44b6df599" testId="037a3d22-956a-4c18-9a80-feb90079aeef" testName="Autumn.Mvc.Data.Models.Queries.LtComparisonOperatorTest.LtNotEnougthArgumentExceptionTest" computerName="dombinator" duration="00:00:00.1010000" startTime="2017-11-07T19:29:07.3810572+01:00" endTime="2017-11-07T19:29:07.3810600+01:00" testType="13cdc9d9-ddb5-4fa4-a97d-d965ccfc6d4b" outcome="Passed" testListId="8c84fa94-04c1-424b-9868-57a2d4851a1d" relativeResultsDirectory="76716b0b-80a2-4ac1-83aa-8cd44b6df599" />
    <UnitTestResult executionId="a486327d-e425-4c53-93cd-9ef7864913d7" testId="45e83b9c-20c7-4e84-8b09-47bfe495d561" testName="Autumn.Mvc.Data.Models.Queries.EqComparisonOperatorTest.EqNotEnougthArgumentTest" computerName="dombinator" duration="00:00:00.1010000" startTime="2017-11-07T19:29:07.3816403+01:00" endTime="2017-11-07T19:29:07.3816419+01:00" testType="13cdc9d9-ddb5-4fa4-a97d-d965ccfc6d4b" outcome="Passed" testListId="8c84fa94-04c1-424b-9868-57a2d4851a1d" relativeResultsDirectory="a486327d-e425-4c53-93cd-9ef7864913d7" />
    <UnitTestResult executionId="c1ee8b43-8b6e-4b73-801f-5917729e62d1" testId="1932fe8c-65b2-42b2-9ca3-5672686a60dd" testName="Autumn.Mvc.Data.Models.Queries.LtComparisonOperatorTest.LtTooManyArgumentExceptionTest" computerName="dombinator" duration="00:00:00.0020000" startTime="2017-11-07T19:29:07.3829611+01:00" endTime="2017-11-07T19:29:07.3829635+01:00" testType="13cdc9d9-ddb5-4fa4-a97d-d965ccfc6d4b" outcome="Passed" testListId="8c84fa94-04c1-424b-9868-57a2d4851a1d" relativeResultsDirectory="c1ee8b43-8b6e-4b73-801f-5917729e62d1" />
    <UnitTestResult executionId="388d7db8-3b95-438b-b4c2-d641cf09c041" testId="9a52e5c4-f659-482d-b8df-4de104832305" testName="Autumn.Mvc.Data.Models.Queries.EqComparisonOperatorTest.EqNullableSingleTest" computerName="dombinator" duration="00:00:00.0030000" startTime="2017-11-07T19:29:07.3849788+01:00" endTime="2017-11-07T19:29:07.3849809+01:00" testType="13cdc9d9-ddb5-4fa4-a97d-d965ccfc6d4b" outcome="Passed" testListId="8c84fa94-04c1-424b-9868-57a2d4851a1d" relativeResultsDirectory="388d7db8-3b95-438b-b4c2-d641cf09c041" />
    <UnitTestResult executionId="2e6a606a-464d-42a1-9ae6-2fa0965005dd" testId="60300cd0-ed1d-4edf-adc3-5c950cfe3f2d" testName="Autumn.Mvc.Data.Models.Queries.LtComparisonOperatorTest.LtInvalidComparatorSelectionExceptionTest" computerName="dombinator" duration="00:00:00.0020000" startTime="2017-11-07T19:29:07.4235590+01:00" endTime="2017-11-07T19:29:07.4235612+01:00" testType="13cdc9d9-ddb5-4fa4-a97d-d965ccfc6d4b" outcome="Passed" testListId="8c84fa94-04c1-424b-9868-57a2d4851a1d" relativeResultsDirectory="2e6a606a-464d-42a1-9ae6-2fa0965005dd" />
    <UnitTestResult executionId="31d97a56-b37d-4ca6-a580-41a0bdc214ac" testId="e9f8cd41-8c44-4dcb-9c4a-25ca9077c72d" testName="Autumn.Mvc.Data.Models.Queries.EqComparisonOperatorTest.EqNullableDatetimeTest" computerName="dombinator" duration="00:00:00.0030000" startTime="2017-11-07T19:29:07.4238703+01:00" endTime="2017-11-07T19:29:07.4238715+01:00" testType="13cdc9d9-ddb5-4fa4-a97d-d965ccfc6d4b" outcome="Passed" testListId="8c84fa94-04c1-424b-9868-57a2d4851a1d" relativeResultsDirectory="31d97a56-b37d-4ca6-a580-41a0bdc214ac" />
    <UnitTestResult executionId="0215fb38-a329-466f-b2d1-16ff779e59b5" testId="bea62ada-2319-4fe9-b0e9-63b5fcc54ff9" testName="Autumn.Mvc.Data.Models.Queries.EqComparisonOperatorTest.EqInt16Test" computerName="dombinator" duration="00:00:00.0010000" startTime="2017-11-07T19:29:07.4239254+01:00" endTime="2017-11-07T19:29:07.4239261+01:00" testType="13cdc9d9-ddb5-4fa4-a97d-d965ccfc6d4b" outcome="Passed" testListId="8c84fa94-04c1-424b-9868-57a2d4851a1d" relativeResultsDirectory="0215fb38-a329-466f-b2d1-16ff779e59b5" />
    <UnitTestResult executionId="8b6b60c8-0d16-4008-8d8c-417278596182" testId="fd960f1d-7a6d-448b-8534-2356ea196294" testName="Autumn.Mvc.Data.Models.Queries.EqComparisonOperatorTest.EqDatetimeTest" computerName="dombinator" duration="00:00:00.0010000" startTime="2017-11-07T19:29:07.4239733+01:00" endTime="2017-11-07T19:29:07.4239739+01:00" testType="13cdc9d9-ddb5-4fa4-a97d-d965ccfc6d4b" outcome="Passed" testListId="8c84fa94-04c1-424b-9868-57a2d4851a1d" relativeResultsDirectory="8b6b60c8-0d16-4008-8d8c-417278596182" />
    <UnitTestResult executionId="7a406ca1-388a-4737-a092-52339add37fb" testId="37f93c4d-c7cd-4011-a527-8fc7d476fead" testName="Autumn.Mvc.Data.Models.Queries.EqComparisonOperatorTest.EqInt32Test" computerName="dombinator" duration="00:00:00.0010000" startTime="2017-11-07T19:29:07.4240209+01:00" endTime="2017-11-07T19:29:07.4240215+01:00" testType="13cdc9d9-ddb5-4fa4-a97d-d965ccfc6d4b" outcome="Passed" testListId="8c84fa94-04c1-424b-9868-57a2d4851a1d" relativeResultsDirectory="7a406ca1-388a-4737-a092-52339add37fb" />
    <UnitTestResult executionId="5718f4bd-ef94-4062-a285-c2368c6fdcd4" testId="43257b2d-faf0-491c-b2ea-e34454fb2be7" testName="Autumn.Mvc.Data.Models.Queries.EqComparisonOperatorTest.EqStringTest" computerName="dombinator" duration="00:00:00.0010000" startTime="2017-11-07T19:29:07.4240679+01:00" endTime="2017-11-07T19:29:07.4240685+01:00" testType="13cdc9d9-ddb5-4fa4-a97d-d965ccfc6d4b" outcome="Passed" testListId="8c84fa94-04c1-424b-9868-57a2d4851a1d" relativeResultsDirectory="5718f4bd-ef94-4062-a285-c2368c6fdcd4" />
    <UnitTestResult executionId="a7026932-8b7c-4938-a6c0-e6c48ed21534" testId="4d118e11-aacb-4a9e-81ee-e246b735d071" testName="Autumn.Mvc.Data.Models.Queries.EqComparisonOperatorTest.EqNullableInt16Test" computerName="dombinator" duration="00:00:00.0010000" startTime="2017-11-07T19:29:07.4241147+01:00" endTime="2017-11-07T19:29:07.4241153+01:00" testType="13cdc9d9-ddb5-4fa4-a97d-d965ccfc6d4b" outcome="Passed" testListId="8c84fa94-04c1-424b-9868-57a2d4851a1d" relativeResultsDirectory="a7026932-8b7c-4938-a6c0-e6c48ed21534" />
    <UnitTestResult executionId="02df8b15-6a5a-4c8a-80e2-3d811390e81e" testId="9d372b75-5ad3-4c61-977a-802bc5953b9f" testName="Autumn.Mvc.Data.Models.Queries.EqComparisonOperatorTest.EqNullableDecimalTest" computerName="dombinator" duration="00:00:00.0010000" startTime="2017-11-07T19:29:07.4241609+01:00" endTime="2017-11-07T19:29:07.4241616+01:00" testType="13cdc9d9-ddb5-4fa4-a97d-d965ccfc6d4b" outcome="Passed" testListId="8c84fa94-04c1-424b-9868-57a2d4851a1d" relativeResultsDirectory="02df8b15-6a5a-4c8a-80e2-3d811390e81e" />
    <UnitTestResult executionId="43083ce9-835a-4e88-b778-af9da9b62a26" testId="80c37160-34f1-41f3-bbf7-55c2f526254c" testName="Autumn.Mvc.Data.Models.Queries.EqComparisonOperatorTest.EqNotEnougthArgumentExceptionTest" computerName="dombinator" duration="00:00:00.0030000" startTime="2017-11-07T19:29:07.4242075+01:00" endTime="2017-11-07T19:29:07.4242082+01:00" testType="13cdc9d9-ddb5-4fa4-a97d-d965ccfc6d4b" outcome="Passed" testListId="8c84fa94-04c1-424b-9868-57a2d4851a1d" relativeResultsDirectory="43083ce9-835a-4e88-b778-af9da9b62a26" />
    <UnitTestResult executionId="63faa48b-710c-4992-94e7-d7d2507c43cf" testId="901779d9-db43-40f7-b21a-c985754bfb14" testName="Autumn.Mvc.Data.Models.Queries.EqComparisonOperatorTest.EqNullableInt64Test" computerName="dombinator" duration="00:00:00.0010000" startTime="2017-11-07T19:29:07.4255339+01:00" endTime="2017-11-07T19:29:07.4255351+01:00" testType="13cdc9d9-ddb5-4fa4-a97d-d965ccfc6d4b" outcome="Passed" testListId="8c84fa94-04c1-424b-9868-57a2d4851a1d" relativeResultsDirectory="63faa48b-710c-4992-94e7-d7d2507c43cf" />
    <UnitTestResult executionId="0b8c8f68-4392-4de7-8fc8-58392562ed52" testId="dbbb31d5-0f77-4064-b264-a1a2ba439e54" testName="Autumn.Mvc.Data.Models.Queries.EqComparisonOperatorTest.EqDecimalTest" computerName="dombinator" duration="00:00:00.0010000" startTime="2017-11-07T19:29:07.4255878+01:00" endTime="2017-11-07T19:29:07.4255885+01:00" testType="13cdc9d9-ddb5-4fa4-a97d-d965ccfc6d4b" outcome="Passed" testListId="8c84fa94-04c1-424b-9868-57a2d4851a1d" relativeResultsDirectory="0b8c8f68-4392-4de7-8fc8-58392562ed52" />
    <UnitTestResult executionId="309c5ca8-1388-4f14-a5d7-194d1a7f15f0" testId="c071b9e4-1a71-4eaf-8170-a654b1ae1e46" testName="Autumn.Mvc.Data.Models.Queries.EqComparisonOperatorTest.EqNullableDoubleTest" computerName="dombinator" duration="00:00:00.0030000" startTime="2017-11-07T19:29:07.4256493+01:00" endTime="2017-11-07T19:29:07.4256499+01:00" testType="13cdc9d9-ddb5-4fa4-a97d-d965ccfc6d4b" outcome="Passed" testListId="8c84fa94-04c1-424b-9868-57a2d4851a1d" relativeResultsDirectory="309c5ca8-1388-4f14-a5d7-194d1a7f15f0" />
    <UnitTestResult executionId="6f1a86d0-0837-4b82-916b-b93af3c31298" testId="dd65cf3e-83c7-43a4-a718-dfef0881988a" testName="Autumn.Mvc.Data.Models.Queries.EqComparisonOperatorTest.EqSingleTest" computerName="dombinator" duration="00:00:00.0010000" startTime="2017-11-07T19:29:07.4256933+01:00" endTime="2017-11-07T19:29:07.4256939+01:00" testType="13cdc9d9-ddb5-4fa4-a97d-d965ccfc6d4b" outcome="Passed" testListId="8c84fa94-04c1-424b-9868-57a2d4851a1d" relativeResultsDirectory="6f1a86d0-0837-4b82-916b-b93af3c31298" />
    <UnitTestResult executionId="13dd47a8-a6b3-4392-9c13-ca12e00712fa" testId="f9bfce13-0cf6-4878-b43f-71cdb333340d" testName="Autumn.Mvc.Data.Models.Queries.EqComparisonOperatorTest.EqNullableInt32Test" computerName="dombinator" duration="00:00:00.0010000" startTime="2017-11-07T19:29:07.4257373+01:00" endTime="2017-11-07T19:29:07.4257379+01:00" testType="13cdc9d9-ddb5-4fa4-a97d-d965ccfc6d4b" outcome="Passed" testListId="8c84fa94-04c1-424b-9868-57a2d4851a1d" relativeResultsDirectory="13dd47a8-a6b3-4392-9c13-ca12e00712fa" />
    <UnitTestResult executionId="d27e1c40-627e-4ce6-b4fe-1476e96990e8" testId="7aeb560e-787a-4477-910f-d4bc623406ef" testName="Autumn.Mvc.Data.Models.Queries.EqComparisonOperatorTest.EqInt64Test" computerName="dombinator" duration="00:00:00.0010000" startTime="2017-11-07T19:29:07.4257817+01:00" endTime="2017-11-07T19:29:07.4257823+01:00" testType="13cdc9d9-ddb5-4fa4-a97d-d965ccfc6d4b" outcome="Passed" testListId="8c84fa94-04c1-424b-9868-57a2d4851a1d" relativeResultsDirectory="d27e1c40-627e-4ce6-b4fe-1476e96990e8" />
    <UnitTestResult executionId="e2c2d32c-d442-477f-826a-1928b2628680" testId="c06a71be-ecd8-4604-b604-e7d228012acc" testName="Autumn.Mvc.Data.Models.Queries.EqComparisonOperatorTest.EqDoubleTest" computerName="dombinator" duration="00:00:00.0010000" startTime="2017-11-07T19:29:07.4258261+01:00" endTime="2017-11-07T19:29:07.4258267+01:00" testType="13cdc9d9-ddb5-4fa4-a97d-d965ccfc6d4b" outcome="Passed" testListId="8c84fa94-04c1-424b-9868-57a2d4851a1d" relativeResultsDirectory="e2c2d32c-d442-477f-826a-1928b2628680" />
  </Results>
  <TestDefinitions>
    <UnitTest name="Autumn.Mvc.Data.Models.Paginations.PageTest.IsEmptyPage" storage="/data/ggarnier/perso/autumn.data.rest/src/autumn.mvc.data.tests/bin/debug/netcoreapp2.0/autumn.mvc.data.tests.dll" id="0c5119f0-7287-443f-a4ca-83a34aee3d8c">
      <Execution id="f137d7a5-ab90-41ba-81d0-717e282a9684" />
      <TestMethod codeBase="/data/ggarnier/perso/autumn.data.rest/src/Autumn.Mvc.Data.Tests/bin/Debug/netcoreapp2.0/Autumn.Mvc.Data.Tests.dll" executorUriOfAdapter="executor://xunit/VsTestRunner2" className="Autumn.Mvc.Data.Models.Paginations.PageTest" name="Autumn.Mvc.Data.Models.Paginations.PageTest.IsEmptyPage" />
    </UnitTest>
    <UnitTest name="Autumn.Mvc.Data.Models.Paginations.PageTest.HasContentAndIsLastPage" storage="/data/ggarnier/perso/autumn.data.rest/src/autumn.mvc.data.tests/bin/debug/netcoreapp2.0/autumn.mvc.data.tests.dll" id="88c1af61-4225-4e8f-acaf-73819df61877">
      <Execution id="ae49c60f-0341-45d0-af8b-5c2e961a2ba8" />
      <TestMethod codeBase="/data/ggarnier/perso/autumn.data.rest/src/Autumn.Mvc.Data.Tests/bin/Debug/netcoreapp2.0/Autumn.Mvc.Data.Tests.dll" executorUriOfAdapter="executor://xunit/VsTestRunner2" className="Autumn.Mvc.Data.Models.Paginations.PageTest" name="Autumn.Mvc.Data.Models.Paginations.PageTest.HasContentAndIsLastPage" />
    </UnitTest>
    <UnitTest name="Autumn.Mvc.Data.Models.Paginations.PageTest.HasContentAndHasPreviousAndHasNext" storage="/data/ggarnier/perso/autumn.data.rest/src/autumn.mvc.data.tests/bin/debug/netcoreapp2.0/autumn.mvc.data.tests.dll" id="a8110341-4444-469a-bac1-7069095e704d">
      <Execution id="f9647933-1d85-4b84-a252-86c22a8dc8d7" />
      <TestMethod codeBase="/data/ggarnier/perso/autumn.data.rest/src/Autumn.Mvc.Data.Tests/bin/Debug/netcoreapp2.0/Autumn.Mvc.Data.Tests.dll" executorUriOfAdapter="executor://xunit/VsTestRunner2" className="Autumn.Mvc.Data.Models.Paginations.PageTest" name="Autumn.Mvc.Data.Models.Paginations.PageTest.HasContentAndHasPreviousAndHasNext" />
    </UnitTest>
    <UnitTest name="Autumn.Mvc.Data.Models.Paginations.PageTest.HasContentAndIsFirstPage" storage="/data/ggarnier/perso/autumn.data.rest/src/autumn.mvc.data.tests/bin/debug/netcoreapp2.0/autumn.mvc.data.tests.dll" id="86392975-8462-46b5-ae17-5d3043e77089">
      <Execution id="61f8cefc-d0a8-466b-894b-35cb70595ba1" />
      <TestMethod codeBase="/data/ggarnier/perso/autumn.data.rest/src/Autumn.Mvc.Data.Tests/bin/Debug/netcoreapp2.0/Autumn.Mvc.Data.Tests.dll" executorUriOfAdapter="executor://xunit/VsTestRunner2" className="Autumn.Mvc.Data.Models.Paginations.PageTest" name="Autumn.Mvc.Data.Models.Paginations.PageTest.HasContentAndIsFirstPage" />
    </UnitTest>
    <UnitTest name="Autumn.Mvc.Data.Models.Queries.LtComparisonOperatorTest.LtNotEnougthArgumentExceptionTest" storage="/data/ggarnier/perso/autumn.data.rest/src/autumn.mvc.data.tests/bin/debug/netcoreapp2.0/autumn.mvc.data.tests.dll" id="037a3d22-956a-4c18-9a80-feb90079aeef">
      <Execution id="76716b0b-80a2-4ac1-83aa-8cd44b6df599" />
      <TestMethod codeBase="/data/ggarnier/perso/autumn.data.rest/src/Autumn.Mvc.Data.Tests/bin/Debug/netcoreapp2.0/Autumn.Mvc.Data.Tests.dll" executorUriOfAdapter="executor://xunit/VsTestRunner2" className="Autumn.Mvc.Data.Models.Queries.LtComparisonOperatorTest" name="Autumn.Mvc.Data.Models.Queries.LtComparisonOperatorTest.LtNotEnougthArgumentExceptionTest" />
    </UnitTest>
    <UnitTest name="Autumn.Mvc.Data.Models.Queries.EqComparisonOperatorTest.EqNotEnougthArgumentTest" storage="/data/ggarnier/perso/autumn.data.rest/src/autumn.mvc.data.tests/bin/debug/netcoreapp2.0/autumn.mvc.data.tests.dll" id="45e83b9c-20c7-4e84-8b09-47bfe495d561">
      <Execution id="a486327d-e425-4c53-93cd-9ef7864913d7" />
      <TestMethod codeBase="/data/ggarnier/perso/autumn.data.rest/src/Autumn.Mvc.Data.Tests/bin/Debug/netcoreapp2.0/Autumn.Mvc.Data.Tests.dll" executorUriOfAdapter="executor://xunit/VsTestRunner2" className="Autumn.Mvc.Data.Models.Queries.EqComparisonOperatorTest" name="Autumn.Mvc.Data.Models.Queries.EqComparisonOperatorTest.EqNotEnougthArgumentTest" />
    </UnitTest>
    <UnitTest name="Autumn.Mvc.Data.Models.Queries.LtComparisonOperatorTest.LtTooManyArgumentExceptionTest" storage="/data/ggarnier/perso/autumn.data.rest/src/autumn.mvc.data.tests/bin/debug/netcoreapp2.0/autumn.mvc.data.tests.dll" id="1932fe8c-65b2-42b2-9ca3-5672686a60dd">
      <Execution id="c1ee8b43-8b6e-4b73-801f-5917729e62d1" />
      <TestMethod codeBase="/data/ggarnier/perso/autumn.data.rest/src/Autumn.Mvc.Data.Tests/bin/Debug/netcoreapp2.0/Autumn.Mvc.Data.Tests.dll" executorUriOfAdapter="executor://xunit/VsTestRunner2" className="Autumn.Mvc.Data.Models.Queries.LtComparisonOperatorTest" name="Autumn.Mvc.Data.Models.Queries.LtComparisonOperatorTest.LtTooManyArgumentExceptionTest" />
    </UnitTest>
    <UnitTest name="Autumn.Mvc.Data.Models.Queries.EqComparisonOperatorTest.EqNullableSingleTest" storage="/data/ggarnier/perso/autumn.data.rest/src/autumn.mvc.data.tests/bin/debug/netcoreapp2.0/autumn.mvc.data.tests.dll" id="9a52e5c4-f659-482d-b8df-4de104832305">
      <Execution id="388d7db8-3b95-438b-b4c2-d641cf09c041" />
      <TestMethod codeBase="/data/ggarnier/perso/autumn.data.rest/src/Autumn.Mvc.Data.Tests/bin/Debug/netcoreapp2.0/Autumn.Mvc.Data.Tests.dll" executorUriOfAdapter="executor://xunit/VsTestRunner2" className="Autumn.Mvc.Data.Models.Queries.EqComparisonOperatorTest" name="Autumn.Mvc.Data.Models.Queries.EqComparisonOperatorTest.EqNullableSingleTest" />
    </UnitTest>
    <UnitTest name="Autumn.Mvc.Data.Models.Queries.LtComparisonOperatorTest.LtInvalidComparatorSelectionExceptionTest" storage="/data/ggarnier/perso/autumn.data.rest/src/autumn.mvc.data.tests/bin/debug/netcoreapp2.0/autumn.mvc.data.tests.dll" id="60300cd0-ed1d-4edf-adc3-5c950cfe3f2d">
      <Execution id="2e6a606a-464d-42a1-9ae6-2fa0965005dd" />
      <TestMethod codeBase="/data/ggarnier/perso/autumn.data.rest/src/Autumn.Mvc.Data.Tests/bin/Debug/netcoreapp2.0/Autumn.Mvc.Data.Tests.dll" executorUriOfAdapter="executor://xunit/VsTestRunner2" className="Autumn.Mvc.Data.Models.Queries.LtComparisonOperatorTest" name="Autumn.Mvc.Data.Models.Queries.LtComparisonOperatorTest.LtInvalidComparatorSelectionExceptionTest" />
    </UnitTest>
    <UnitTest name="Autumn.Mvc.Data.Models.Queries.EqComparisonOperatorTest.EqNullableDatetimeTest" storage="/data/ggarnier/perso/autumn.data.rest/src/autumn.mvc.data.tests/bin/debug/netcoreapp2.0/autumn.mvc.data.tests.dll" id="e9f8cd41-8c44-4dcb-9c4a-25ca9077c72d">
      <Execution id="31d97a56-b37d-4ca6-a580-41a0bdc214ac" />
      <TestMethod codeBase="/data/ggarnier/perso/autumn.data.rest/src/Autumn.Mvc.Data.Tests/bin/Debug/netcoreapp2.0/Autumn.Mvc.Data.Tests.dll" executorUriOfAdapter="executor://xunit/VsTestRunner2" className="Autumn.Mvc.Data.Models.Queries.EqComparisonOperatorTest" name="Autumn.Mvc.Data.Models.Queries.EqComparisonOperatorTest.EqNullableDatetimeTest" />
    </UnitTest>
    <UnitTest name="Autumn.Mvc.Data.Models.Queries.EqComparisonOperatorTest.EqInt16Test" storage="/data/ggarnier/perso/autumn.data.rest/src/autumn.mvc.data.tests/bin/debug/netcoreapp2.0/autumn.mvc.data.tests.dll" id="bea62ada-2319-4fe9-b0e9-63b5fcc54ff9">
      <Execution id="0215fb38-a329-466f-b2d1-16ff779e59b5" />
      <TestMethod codeBase="/data/ggarnier/perso/autumn.data.rest/src/Autumn.Mvc.Data.Tests/bin/Debug/netcoreapp2.0/Autumn.Mvc.Data.Tests.dll" executorUriOfAdapter="executor://xunit/VsTestRunner2" className="Autumn.Mvc.Data.Models.Queries.EqComparisonOperatorTest" name="Autumn.Mvc.Data.Models.Queries.EqComparisonOperatorTest.EqInt16Test" />
    </UnitTest>
    <UnitTest name="Autumn.Mvc.Data.Models.Queries.EqComparisonOperatorTest.EqDatetimeTest" storage="/data/ggarnier/perso/autumn.data.rest/src/autumn.mvc.data.tests/bin/debug/netcoreapp2.0/autumn.mvc.data.tests.dll" id="fd960f1d-7a6d-448b-8534-2356ea196294">
      <Execution id="8b6b60c8-0d16-4008-8d8c-417278596182" />
      <TestMethod codeBase="/data/ggarnier/perso/autumn.data.rest/src/Autumn.Mvc.Data.Tests/bin/Debug/netcoreapp2.0/Autumn.Mvc.Data.Tests.dll" executorUriOfAdapter="executor://xunit/VsTestRunner2" className="Autumn.Mvc.Data.Models.Queries.EqComparisonOperatorTest" name="Autumn.Mvc.Data.Models.Queries.EqComparisonOperatorTest.EqDatetimeTest" />
    </UnitTest>
    <UnitTest name="Autumn.Mvc.Data.Models.Queries.EqComparisonOperatorTest.EqInt32Test" storage="/data/ggarnier/perso/autumn.data.rest/src/autumn.mvc.data.tests/bin/debug/netcoreapp2.0/autumn.mvc.data.tests.dll" id="37f93c4d-c7cd-4011-a527-8fc7d476fead">
      <Execution id="7a406ca1-388a-4737-a092-52339add37fb" />
      <TestMethod codeBase="/data/ggarnier/perso/autumn.data.rest/src/Autumn.Mvc.Data.Tests/bin/Debug/netcoreapp2.0/Autumn.Mvc.Data.Tests.dll" executorUriOfAdapter="executor://xunit/VsTestRunner2" className="Autumn.Mvc.Data.Models.Queries.EqComparisonOperatorTest" name="Autumn.Mvc.Data.Models.Queries.EqComparisonOperatorTest.EqInt32Test" />
    </UnitTest>
    <UnitTest name="Autumn.Mvc.Data.Models.Queries.EqComparisonOperatorTest.EqStringTest" storage="/data/ggarnier/perso/autumn.data.rest/src/autumn.mvc.data.tests/bin/debug/netcoreapp2.0/autumn.mvc.data.tests.dll" id="43257b2d-faf0-491c-b2ea-e34454fb2be7">
      <Execution id="5718f4bd-ef94-4062-a285-c2368c6fdcd4" />
      <TestMethod codeBase="/data/ggarnier/perso/autumn.data.rest/src/Autumn.Mvc.Data.Tests/bin/Debug/netcoreapp2.0/Autumn.Mvc.Data.Tests.dll" executorUriOfAdapter="executor://xunit/VsTestRunner2" className="Autumn.Mvc.Data.Models.Queries.EqComparisonOperatorTest" name="Autumn.Mvc.Data.Models.Queries.EqComparisonOperatorTest.EqStringTest" />
    </UnitTest>
    <UnitTest name="Autumn.Mvc.Data.Models.Queries.EqComparisonOperatorTest.EqNullableInt16Test" storage="/data/ggarnier/perso/autumn.data.rest/src/autumn.mvc.data.tests/bin/debug/netcoreapp2.0/autumn.mvc.data.tests.dll" id="4d118e11-aacb-4a9e-81ee-e246b735d071">
      <Execution id="a7026932-8b7c-4938-a6c0-e6c48ed21534" />
      <TestMethod codeBase="/data/ggarnier/perso/autumn.data.rest/src/Autumn.Mvc.Data.Tests/bin/Debug/netcoreapp2.0/Autumn.Mvc.Data.Tests.dll" executorUriOfAdapter="executor://xunit/VsTestRunner2" className="Autumn.Mvc.Data.Models.Queries.EqComparisonOperatorTest" name="Autumn.Mvc.Data.Models.Queries.EqComparisonOperatorTest.EqNullableInt16Test" />
    </UnitTest>
    <UnitTest name="Autumn.Mvc.Data.Models.Queries.EqComparisonOperatorTest.EqNullableDecimalTest" storage="/data/ggarnier/perso/autumn.data.rest/src/autumn.mvc.data.tests/bin/debug/netcoreapp2.0/autumn.mvc.data.tests.dll" id="9d372b75-5ad3-4c61-977a-802bc5953b9f">
      <Execution id="02df8b15-6a5a-4c8a-80e2-3d811390e81e" />
      <TestMethod codeBase="/data/ggarnier/perso/autumn.data.rest/src/Autumn.Mvc.Data.Tests/bin/Debug/netcoreapp2.0/Autumn.Mvc.Data.Tests.dll" executorUriOfAdapter="executor://xunit/VsTestRunner2" className="Autumn.Mvc.Data.Models.Queries.EqComparisonOperatorTest" name="Autumn.Mvc.Data.Models.Queries.EqComparisonOperatorTest.EqNullableDecimalTest" />
    </UnitTest>
    <UnitTest name="Autumn.Mvc.Data.Models.Queries.EqComparisonOperatorTest.EqNotEnougthArgumentExceptionTest" storage="/data/ggarnier/perso/autumn.data.rest/src/autumn.mvc.data.tests/bin/debug/netcoreapp2.0/autumn.mvc.data.tests.dll" id="80c37160-34f1-41f3-bbf7-55c2f526254c">
      <Execution id="43083ce9-835a-4e88-b778-af9da9b62a26" />
      <TestMethod codeBase="/data/ggarnier/perso/autumn.data.rest/src/Autumn.Mvc.Data.Tests/bin/Debug/netcoreapp2.0/Autumn.Mvc.Data.Tests.dll" executorUriOfAdapter="executor://xunit/VsTestRunner2" className="Autumn.Mvc.Data.Models.Queries.EqComparisonOperatorTest" name="Autumn.Mvc.Data.Models.Queries.EqComparisonOperatorTest.EqNotEnougthArgumentExceptionTest" />
    </UnitTest>
    <UnitTest name="Autumn.Mvc.Data.Models.Queries.EqComparisonOperatorTest.EqNullableInt64Test" storage="/data/ggarnier/perso/autumn.data.rest/src/autumn.mvc.data.tests/bin/debug/netcoreapp2.0/autumn.mvc.data.tests.dll" id="901779d9-db43-40f7-b21a-c985754bfb14">
      <Execution id="63faa48b-710c-4992-94e7-d7d2507c43cf" />
      <TestMethod codeBase="/data/ggarnier/perso/autumn.data.rest/src/Autumn.Mvc.Data.Tests/bin/Debug/netcoreapp2.0/Autumn.Mvc.Data.Tests.dll" executorUriOfAdapter="executor://xunit/VsTestRunner2" className="Autumn.Mvc.Data.Models.Queries.EqComparisonOperatorTest" name="Autumn.Mvc.Data.Models.Queries.EqComparisonOperatorTest.EqNullableInt64Test" />
    </UnitTest>
    <UnitTest name="Autumn.Mvc.Data.Models.Queries.EqComparisonOperatorTest.EqDecimalTest" storage="/data/ggarnier/perso/autumn.data.rest/src/autumn.mvc.data.tests/bin/debug/netcoreapp2.0/autumn.mvc.data.tests.dll" id="dbbb31d5-0f77-4064-b264-a1a2ba439e54">
      <Execution id="0b8c8f68-4392-4de7-8fc8-58392562ed52" />
      <TestMethod codeBase="/data/ggarnier/perso/autumn.data.rest/src/Autumn.Mvc.Data.Tests/bin/Debug/netcoreapp2.0/Autumn.Mvc.Data.Tests.dll" executorUriOfAdapter="executor://xunit/VsTestRunner2" className="Autumn.Mvc.Data.Models.Queries.EqComparisonOperatorTest" name="Autumn.Mvc.Data.Models.Queries.EqComparisonOperatorTest.EqDecimalTest" />
    </UnitTest>
    <UnitTest name="Autumn.Mvc.Data.Models.Queries.EqComparisonOperatorTest.EqNullableDoubleTest" storage="/data/ggarnier/perso/autumn.data.rest/src/autumn.mvc.data.tests/bin/debug/netcoreapp2.0/autumn.mvc.data.tests.dll" id="c071b9e4-1a71-4eaf-8170-a654b1ae1e46">
      <Execution id="309c5ca8-1388-4f14-a5d7-194d1a7f15f0" />
      <TestMethod codeBase="/data/ggarnier/perso/autumn.data.rest/src/Autumn.Mvc.Data.Tests/bin/Debug/netcoreapp2.0/Autumn.Mvc.Data.Tests.dll" executorUriOfAdapter="executor://xunit/VsTestRunner2" className="Autumn.Mvc.Data.Models.Queries.EqComparisonOperatorTest" name="Autumn.Mvc.Data.Models.Queries.EqComparisonOperatorTest.EqNullableDoubleTest" />
    </UnitTest>
    <UnitTest name="Autumn.Mvc.Data.Models.Queries.EqComparisonOperatorTest.EqSingleTest" storage="/data/ggarnier/perso/autumn.data.rest/src/autumn.mvc.data.tests/bin/debug/netcoreapp2.0/autumn.mvc.data.tests.dll" id="dd65cf3e-83c7-43a4-a718-dfef0881988a">
      <Execution id="6f1a86d0-0837-4b82-916b-b93af3c31298" />
      <TestMethod codeBase="/data/ggarnier/perso/autumn.data.rest/src/Autumn.Mvc.Data.Tests/bin/Debug/netcoreapp2.0/Autumn.Mvc.Data.Tests.dll" executorUriOfAdapter="executor://xunit/VsTestRunner2" className="Autumn.Mvc.Data.Models.Queries.EqComparisonOperatorTest" name="Autumn.Mvc.Data.Models.Queries.EqComparisonOperatorTest.EqSingleTest" />
    </UnitTest>
    <UnitTest name="Autumn.Mvc.Data.Models.Queries.EqComparisonOperatorTest.EqNullableInt32Test" storage="/data/ggarnier/perso/autumn.data.rest/src/autumn.mvc.data.tests/bin/debug/netcoreapp2.0/autumn.mvc.data.tests.dll" id="f9bfce13-0cf6-4878-b43f-71cdb333340d">
      <Execution id="13dd47a8-a6b3-4392-9c13-ca12e00712fa" />
      <TestMethod codeBase="/data/ggarnier/perso/autumn.data.rest/src/Autumn.Mvc.Data.Tests/bin/Debug/netcoreapp2.0/Autumn.Mvc.Data.Tests.dll" executorUriOfAdapter="executor://xunit/VsTestRunner2" className="Autumn.Mvc.Data.Models.Queries.EqComparisonOperatorTest" name="Autumn.Mvc.Data.Models.Queries.EqComparisonOperatorTest.EqNullableInt32Test" />
    </UnitTest>
    <UnitTest name="Autumn.Mvc.Data.Models.Queries.EqComparisonOperatorTest.EqInt64Test" storage="/data/ggarnier/perso/autumn.data.rest/src/autumn.mvc.data.tests/bin/debug/netcoreapp2.0/autumn.mvc.data.tests.dll" id="7aeb560e-787a-4477-910f-d4bc623406ef">
      <Execution id="d27e1c40-627e-4ce6-b4fe-1476e96990e8" />
      <TestMethod codeBase="/data/ggarnier/perso/autumn.data.rest/src/Autumn.Mvc.Data.Tests/bin/Debug/netcoreapp2.0/Autumn.Mvc.Data.Tests.dll" executorUriOfAdapter="executor://xunit/VsTestRunner2" className="Autumn.Mvc.Data.Models.Queries.EqComparisonOperatorTest" name="Autumn.Mvc.Data.Models.Queries.EqComparisonOperatorTest.EqInt64Test" />
    </UnitTest>
    <UnitTest name="Autumn.Mvc.Data.Models.Queries.EqComparisonOperatorTest.EqDoubleTest" storage="/data/ggarnier/perso/autumn.data.rest/src/autumn.mvc.data.tests/bin/debug/netcoreapp2.0/autumn.mvc.data.tests.dll" id="c06a71be-ecd8-4604-b604-e7d228012acc">
      <Execution id="e2c2d32c-d442-477f-826a-1928b2628680" />
      <TestMethod codeBase="/data/ggarnier/perso/autumn.data.rest/src/Autumn.Mvc.Data.Tests/bin/Debug/netcoreapp2.0/Autumn.Mvc.Data.Tests.dll" executorUriOfAdapter="executor://xunit/VsTestRunner2" className="Autumn.Mvc.Data.Models.Queries.EqComparisonOperatorTest" name="Autumn.Mvc.Data.Models.Queries.EqComparisonOperatorTest.EqDoubleTest" />
    </UnitTest>
  </TestDefinitions>
  <TestEntries>
    <TestEntry testId="0c5119f0-7287-443f-a4ca-83a34aee3d8c" executionId="f137d7a5-ab90-41ba-81d0-717e282a9684" testListId="8c84fa94-04c1-424b-9868-57a2d4851a1d" />
    <TestEntry testId="88c1af61-4225-4e8f-acaf-73819df61877" executionId="ae49c60f-0341-45d0-af8b-5c2e961a2ba8" testListId="8c84fa94-04c1-424b-9868-57a2d4851a1d" />
    <TestEntry testId="a8110341-4444-469a-bac1-7069095e704d" executionId="f9647933-1d85-4b84-a252-86c22a8dc8d7" testListId="8c84fa94-04c1-424b-9868-57a2d4851a1d" />
    <TestEntry testId="86392975-8462-46b5-ae17-5d3043e77089" executionId="61f8cefc-d0a8-466b-894b-35cb70595ba1" testListId="8c84fa94-04c1-424b-9868-57a2d4851a1d" />
    <TestEntry testId="037a3d22-956a-4c18-9a80-feb90079aeef" executionId="76716b0b-80a2-4ac1-83aa-8cd44b6df599" testListId="8c84fa94-04c1-424b-9868-57a2d4851a1d" />
    <TestEntry testId="45e83b9c-20c7-4e84-8b09-47bfe495d561" executionId="a486327d-e425-4c53-93cd-9ef7864913d7" testListId="8c84fa94-04c1-424b-9868-57a2d4851a1d" />
    <TestEntry testId="1932fe8c-65b2-42b2-9ca3-5672686a60dd" executionId="c1ee8b43-8b6e-4b73-801f-5917729e62d1" testListId="8c84fa94-04c1-424b-9868-57a2d4851a1d" />
    <TestEntry testId="9a52e5c4-f659-482d-b8df-4de104832305" executionId="388d7db8-3b95-438b-b4c2-d641cf09c041" testListId="8c84fa94-04c1-424b-9868-57a2d4851a1d" />
    <TestEntry testId="60300cd0-ed1d-4edf-adc3-5c950cfe3f2d" executionId="2e6a606a-464d-42a1-9ae6-2fa0965005dd" testListId="8c84fa94-04c1-424b-9868-57a2d4851a1d" />
    <TestEntry testId="e9f8cd41-8c44-4dcb-9c4a-25ca9077c72d" executionId="31d97a56-b37d-4ca6-a580-41a0bdc214ac" testListId="8c84fa94-04c1-424b-9868-57a2d4851a1d" />
    <TestEntry testId="bea62ada-2319-4fe9-b0e9-63b5fcc54ff9" executionId="0215fb38-a329-466f-b2d1-16ff779e59b5" testListId="8c84fa94-04c1-424b-9868-57a2d4851a1d" />
    <TestEntry testId="fd960f1d-7a6d-448b-8534-2356ea196294" executionId="8b6b60c8-0d16-4008-8d8c-417278596182" testListId="8c84fa94-04c1-424b-9868-57a2d4851a1d" />
    <TestEntry testId="37f93c4d-c7cd-4011-a527-8fc7d476fead" executionId="7a406ca1-388a-4737-a092-52339add37fb" testListId="8c84fa94-04c1-424b-9868-57a2d4851a1d" />
    <TestEntry testId="43257b2d-faf0-491c-b2ea-e34454fb2be7" executionId="5718f4bd-ef94-4062-a285-c2368c6fdcd4" testListId="8c84fa94-04c1-424b-9868-57a2d4851a1d" />
    <TestEntry testId="4d118e11-aacb-4a9e-81ee-e246b735d071" executionId="a7026932-8b7c-4938-a6c0-e6c48ed21534" testListId="8c84fa94-04c1-424b-9868-57a2d4851a1d" />
    <TestEntry testId="9d372b75-5ad3-4c61-977a-802bc5953b9f" executionId="02df8b15-6a5a-4c8a-80e2-3d811390e81e" testListId="8c84fa94-04c1-424b-9868-57a2d4851a1d" />
    <TestEntry testId="80c37160-34f1-41f3-bbf7-55c2f526254c" executionId="43083ce9-835a-4e88-b778-af9da9b62a26" testListId="8c84fa94-04c1-424b-9868-57a2d4851a1d" />
    <TestEntry testId="901779d9-db43-40f7-b21a-c985754bfb14" executionId="63faa48b-710c-4992-94e7-d7d2507c43cf" testListId="8c84fa94-04c1-424b-9868-57a2d4851a1d" />
    <TestEntry testId="dbbb31d5-0f77-4064-b264-a1a2ba439e54" executionId="0b8c8f68-4392-4de7-8fc8-58392562ed52" testListId="8c84fa94-04c1-424b-9868-57a2d4851a1d" />
    <TestEntry testId="c071b9e4-1a71-4eaf-8170-a654b1ae1e46" executionId="309c5ca8-1388-4f14-a5d7-194d1a7f15f0" testListId="8c84fa94-04c1-424b-9868-57a2d4851a1d" />
    <TestEntry testId="dd65cf3e-83c7-43a4-a718-dfef0881988a" executionId="6f1a86d0-0837-4b82-916b-b93af3c31298" testListId="8c84fa94-04c1-424b-9868-57a2d4851a1d" />
    <TestEntry testId="f9bfce13-0cf6-4878-b43f-71cdb333340d" executionId="13dd47a8-a6b3-4392-9c13-ca12e00712fa" testListId="8c84fa94-04c1-424b-9868-57a2d4851a1d" />
    <TestEntry testId="7aeb560e-787a-4477-910f-d4bc623406ef" executionId="d27e1c40-627e-4ce6-b4fe-1476e96990e8" testListId="8c84fa94-04c1-424b-9868-57a2d4851a1d" />
    <TestEntry testId="c06a71be-ecd8-4604-b604-e7d228012acc" executionId="e2c2d32c-d442-477f-826a-1928b2628680" testListId="8c84fa94-04c1-424b-9868-57a2d4851a1d" />
  </TestEntries>
  <TestLists>
    <TestList name="Les résultats ne figurent pas dans une liste" id="8c84fa94-04c1-424b-9868-57a2d4851a1d" />
    <TestList name="Tous les résultats chargés" id="19431567-8539-422a-85d7-44ee4e166bda" />
  </TestLists>
  <ResultSummary outcome="Completed">
    <Counters total="24" executed="24" passed="24" failed="0" error="0" timeout="0" aborted="0" inconclusive="0" passedButRunAborted="0" notRunnable="0" notExecuted="0" disconnected="0" warning="0" completed="0" inProgress="0" pending="0" />
    <Output>
      <StdOut>[xUnit.net 00:00:00.5949849]   Discovering: Autumn.Mvc.Data.Tests[xUnit.net 00:00:00.6809830]   Discovered:  Autumn.Mvc.Data.Tests[xUnit.net 00:00:00.7468098]   Starting:    Autumn.Mvc.Data.Tests[xUnit.net 00:00:01.0134399]   Finished:    Autumn.Mvc.Data.Tests</StdOut>
    </Output>
  </ResultSummary>
</TestRun>